../Drivers/STM32G4xx_HAL_Driver/Inc/stm32g4xx_ll_dma.h:517:22:LL_DMA_EnableChannel	24	static
../Drivers/STM32G4xx_HAL_Driver/Inc/stm32g4xx_ll_dma.h:539:22:LL_DMA_DisableChannel	24	static
../Drivers/STM32G4xx_HAL_Driver/Inc/stm32g4xx_ll_spi.h:358:22:LL_SPI_Enable	16	static
../Drivers/STM32G4xx_HAL_Driver/Inc/stm32g4xx_ll_spi.h:426:22:LL_SPI_SetStandard	16	static
../Drivers/STM32G4xx_HAL_Driver/Inc/stm32g4xx_ll_spi.h:874:22:LL_SPI_DisableNSSPulseMgt	16	static
../Drivers/STM32G4xx_HAL_Driver/Inc/stm32g4xx_ll_bus.h:243:22:LL_AHB1_GRP1_EnableClock	24	static
../Drivers/STM32G4xx_HAL_Driver/Inc/stm32g4xx_ll_bus.h:451:22:LL_AHB2_GRP1_EnableClock	24	static
../Drivers/STM32G4xx_HAL_Driver/Inc/stm32g4xx_ll_bus.h:913:22:LL_APB1_GRP1_EnableClock	24	static
../Core/Src/main.c:158:5:main	8	static
../Core/Src/main.c:424:6:SystemClock_Config	88	static
../Core/Src/main.c:469:13:MX_ADC1_Init	112	static
../Core/Src/main.c:564:13:MX_ADC2_Init	104	static
../Core/Src/main.c:645:13:MX_COMP1_Init	8	static
../Core/Src/main.c:677:13:MX_COMP3_Init	8	static
../Core/Src/main.c:709:13:MX_COMP4_Init	8	static
../Core/Src/main.c:741:13:MX_DAC3_Init	56	static
../Core/Src/main.c:792:13:MX_OPAMP1_Init	8	static
../Core/Src/main.c:825:13:MX_OPAMP2_Init	8	static
../Core/Src/main.c:857:13:MX_SPI3_Init	72	static
../Core/Src/main.c:929:13:MX_TIM1_Init	128	static
../Core/Src/main.c:1039:13:MX_TIM2_Init	40	static
../Core/Src/main.c:1084:13:MX_TIM16_Init	8	static
../Core/Src/main.c:1114:13:MX_DMA_Init	8	static
../Core/Src/main.c:1134:13:MX_GPIO_Init	48	static
../Core/Src/main.c:1182:10:GetLSB	16	static
../Core/Src/main.c:1187:10:GetMSB	16	static
../Core/Src/main.c:1192:6:spi_w16	16	static
../Core/Src/main.c:1199:6:SPIx_Transfer	16	static
../Core/Src/main.c:1211:6:SPIx_Transfer2	24	static
../Core/Src/main.c:1222:6:HAL_TIMEx_BreakCallback	16	static
../Core/Src/main.c:1239:6:Activate_SPI	8	static
../Core/Src/main.c:1249:6:DMA1_ReceiveComplete_Callback	4	static
../Core/Src/main.c:1260:6:DMA1_TransmitComplete_Callback	4	static
../Core/Src/main.c:1271:6:SPI3_TransferError_Callback	8	static
../Core/Src/main.c:1283:6:TIM1_GPIO	32	static
../Core/Src/main.c:1307:6:Error_Handler	4	static,ignoring_inline_asm
