../Drivers/STM32G4xx_HAL_Driver/Inc/stm32g4xx_ll_adc.h:3654:22:LL_ADC_REG_SetTriggerSource	16	static
../Drivers/STM32G4xx_HAL_Driver/Inc/stm32g4xx_ll_adc.h:3879:22:LL_ADC_REG_SetSequencerLength	16	static
../Drivers/STM32G4xx_HAL_Driver/Inc/stm32g4xx_ll_adc.h:4442:22:LL_ADC_INJ_SetTriggerSource	16	static
../Drivers/STM32G4xx_HAL_Driver/Inc/stm32g4xx_ll_adc.h:4904:22:LL_ADC_INJ_SetQueueMode	16	static
../Drivers/STM32G4xx_HAL_Driver/Inc/stm32g4xx_ll_adc.h:6710:22:LL_ADC_Disable	16	static
../Drivers/STM32G4xx_HAL_Driver/Inc/stm32g4xx_ll_adc.h:6729:26:LL_ADC_IsEnabled	16	static
../Drivers/STM32G4xx_HAL_Driver/Inc/stm32g4xx_ll_adc.h:6740:26:LL_ADC_IsDisableOngoing	16	static
../Drivers/STM32G4xx_HAL_Driver/Inc/stm32g4xx_ll_adc.h:6835:22:LL_ADC_REG_StopConversion	16	static
../Drivers/STM32G4xx_HAL_Driver/Inc/stm32g4xx_ll_adc.h:6851:26:LL_ADC_REG_IsConversionOngoing	16	static
../Drivers/STM32G4xx_HAL_Driver/Inc/stm32g4xx_ll_adc.h:6862:26:LL_ADC_REG_IsStopConversionOngoing	16	static
../Drivers/STM32G4xx_HAL_Driver/Inc/stm32g4xx_ll_adc.h:7060:22:LL_ADC_INJ_StopConversion	16	static
../Drivers/STM32G4xx_HAL_Driver/Inc/stm32g4xx_ll_adc.h:7076:26:LL_ADC_INJ_IsConversionOngoing	16	static
../Drivers/STM32G4xx_HAL_Driver/Inc/stm32g4xx_ll_adc.h:7087:26:LL_ADC_INJ_IsStopConversionOngoing	16	static
../Drivers/STM32G4xx_HAL_Driver/Inc/stm32g4xx_ll_bus.h:581:22:LL_AHB2_GRP1_ForceReset	16	static
../Drivers/STM32G4xx_HAL_Driver/Inc/stm32g4xx_ll_bus.h:623:22:LL_AHB2_GRP1_ReleaseReset	16	static
../Drivers/STM32G4xx_HAL_Driver/Src/stm32g4xx_ll_adc.c:657:13:LL_ADC_CommonDeInit	16	static
../Drivers/STM32G4xx_HAL_Driver/Src/stm32g4xx_ll_adc.c:699:13:LL_ADC_CommonInit	32	static
../Drivers/STM32G4xx_HAL_Driver/Src/stm32g4xx_ll_adc.c:781:6:LL_ADC_CommonStructInit	16	static
../Drivers/STM32G4xx_HAL_Driver/Src/stm32g4xx_ll_adc.c:814:13:LL_ADC_DeInit	32	static
../Drivers/STM32G4xx_HAL_Driver/Src/stm32g4xx_ll_adc.c:1094:13:LL_ADC_Init	24	static
../Drivers/STM32G4xx_HAL_Driver/Src/stm32g4xx_ll_adc.c:1140:6:LL_ADC_StructInit	16	static
../Drivers/STM32G4xx_HAL_Driver/Src/stm32g4xx_ll_adc.c:1182:13:LL_ADC_REG_Init	24	static
../Drivers/STM32G4xx_HAL_Driver/Src/stm32g4xx_ll_adc.c:1274:6:LL_ADC_REG_StructInit	16	static
../Drivers/STM32G4xx_HAL_Driver/Src/stm32g4xx_ll_adc.c:1326:13:LL_ADC_INJ_Init	24	static
../Drivers/STM32G4xx_HAL_Driver/Src/stm32g4xx_ll_adc.c:1397:6:LL_ADC_INJ_StructInit	16	static
