stm32g4xx_ll_dma.h:517:22:LL_DMA_EnableChannel	24	static
stm32g4xx_ll_dma.h:539:22:LL_DMA_DisableChannel	24	static
stm32g4xx_ll_spi.h:358:22:LL_SPI_Enable	16	static
stm32g4xx_ll_spi.h:426:22:LL_SPI_SetStandard	16	static
stm32g4xx_ll_spi.h:874:22:LL_SPI_DisableNSSPulseMgt	16	static
stm32g4xx_ll_bus.h:243:22:LL_AHB1_GRP1_EnableClock	24	static
stm32g4xx_ll_bus.h:451:22:LL_AHB2_GRP1_EnableClock	24	static
stm32g4xx_ll_bus.h:913:22:LL_APB1_GRP1_EnableClock	24	static
main.c:154:5:main	8	static
main.c:429:6:SystemClock_Config	88	static
main.c:474:13:MX_ADC1_Init	112	static
main.c:569:13:MX_ADC2_Init	104	static
main.c:650:13:MX_COMP1_Init	8	static
main.c:682:13:MX_COMP3_Init	8	static
main.c:714:13:MX_COMP4_Init	8	static
main.c:746:13:MX_DAC3_Init	56	static
main.c:797:13:MX_OPAMP1_Init	8	static
main.c:830:13:MX_OPAMP2_Init	8	static
main.c:862:13:MX_SPI3_Init	72	static
main.c:934:13:MX_TIM1_Init	128	static
main.c:1044:13:MX_TIM2_Init	40	static
main.c:1089:13:MX_TIM16_Init	8	static
main.c:1119:13:MX_DMA_Init	8	static
main.c:1139:13:MX_GPIO_Init	48	static
main.c:1187:10:GetLSB	16	static
main.c:1192:10:GetMSB	16	static
main.c:1197:6:spi_w16	16	static
main.c:1204:6:SPIx_Transfer	16	static
main.c:1216:6:SPIx_Transfer2	24	static
main.c:1227:6:HAL_TIMEx_BreakCallback	16	static
main.c:1244:6:Activate_SPI	8	static
main.c:1254:6:DMA1_ReceiveComplete_Callback	4	static
main.c:1265:6:DMA1_TransmitComplete_Callback	4	static
main.c:1276:6:SPI3_TransferError_Callback	8	static
main.c:1288:6:TIM1_GPIO	32	static
main.c:1312:6:Error_Handler	4	static,ignoring_inline_asm
